
<ul class="menulevel1">
<li class="sdoc"><span>Welcome</span></li>
<li class="docs blog"><a href="/?Blog">Blog</a>
<ul class="menulevel2">
<li class="docs blog"><a href="/?Blog:July">July</a>
<ul class="menulevel3">
<li class="doc blog"><a href="/?Blog:July:Hot">Hot</a></li>
</ul>
</li>
<li class="doc blog"><a href="/?Blog:Hidden">Hidden</a>
<ul class="menulevel3">
<li class="doc blog"><a href="/?Blog:Hidden:AlsoHidden">AlsoHidden</a></li>
</ul>
</li>
<li class="docs blog"><a href="/?Blog:January">January</a>
<ul class="menulevel3">
<li class="doc blog"><a href="/?Blog:January:Cold">Cold</a></li>
</ul>
</li>
</ul>
</li>
<li class="docs"><a href="/?About">About</a>
<ul class="menulevel2">

<ul class="menulevel3">
<li class="doc"><a href="/?About:Contact">Contact</a></li>
</ul>
</ul>
</li>
<li class="doc"><a href="/?News">News</a></li>
</ul>
