<h1>Toxic 1.1-dev</h1>
<h2>System Check</h2>
<p class="xh_fail">PHP version ≥ 7.1.0: not okay</p>
<p class="xh_fail">CMSimple_XH version ≥ 1.7.0: not okay</p>
<p class="xh_fail">Plib_XH version ≥ 1.8: not okay</p>
<p class="xh_warning">./plugins/toxic/config is writable: not okay</p>
<p class="xh_warning">./plugins/toxic/css is writable: not okay</p>
<p class="xh_warning">./plugins/toxic/languages is writable: not okay</p>
