<h4>Submenu</h4>
<ul class="submenu">
<li class="docs blog"><a href="/?Blog:July">July</a></li>
<li class="docs blog"><a href="/?Blog:January">January</a></li>
</ul>
