<form id="toxic_tab" action="/xh/?Welcome" method="post"><p><label>Category <input type="text" name="toxic_category" value=""></label></p><p><label>Class <input type="text" name="toxic_class" value="test"></label></p><p class="toxic_tab_buttons"><button name="save_page_data">Save</button></p></form>