
<form id="toxic_tab" action="/xh/?Welcome" method="post">
  <p>
    <label>
      <span>Category</span>
      <input type="text" name="toxic_category" value="">
    </label>
  </p>
  <p>
    <label>
      <span>Class</span>
      <input type="text" name="toxic_class" value="test">
    </label>
  </p>
  <p class="toxic_tab_buttons">
    <button name="save_page_data">Save</button>
  </p>
</form>
