<form id="toxic_tab" action="/xh/?Welcome" method="post"><p><label>Category <input type="text" name="toxic_category" value=""></label></p><p><label>Class <select name="toxic_class"><option label="&ndash; NONE &ndash;"></option><option>one</option><option>two</option><option>three</option><option selected="selected">test</option></select></label></p><p class="toxic_tab_buttons"><button name="save_page_data">Save</button></p></form>